{
    "Test CheckM QA": {
        "content": [
            {
                "0": [
                    [
                        {
                            "id": "test",
                            "single_end": false
                        },
                        "test.txt:md5,645f4282569afb4b171396732b2d2582"
                    ]
                ],
                "1": [
                    
                ],
                "2": [
                    "versions.yml:md5,7a0683a78cbf54a6a69ee64055c584a6"
                ],
                "fasta": [
                    
                ],
                "output": [
                    [
                        {
                            "id": "test",
                            "single_end": false
                        },
                        "test.txt:md5,645f4282569afb4b171396732b2d2582"
                    ]
                ],
                "versions": [
                    "versions.yml:md5,7a0683a78cbf54a6a69ee64055c584a6"
                ]
            }
        ],
        "meta": {
            "nf-test": "0.9.1",
            "nextflow": "24.10.0"
        },
        "timestamp": "2024-11-05T02:56:27.941219756"
    }
}